image/train/____from_grassDataSets_20231207____data____mask__label__start__1__10__1____1695801069.291000.jpg   label/train/____from_grassDataSets_20231207____data____mask__label__start__1__10__1____1695801069.291000.png
image/train/____from_grassDataSets_20231207____data____mask__label__start__1__10__1____1693387404.082000.jpg   label/train/____from_grassDataSets_20231207____data____mask__label__start__1__10__1____1693387404.082000.png
image/train/____from_grassDataSets_20231207____data____mask__label__start__1__10__1____1690509805.218000.jpg   label/train/____from_grassDataSets_20231207____data____mask__label__start__1__10__1____1690509805.218000.png
image/train/____all_classes_20231206____rencai_dangjian_park____cat____mask__label__start__1__10__1____1698458563.705000.jpg   label/train/____all_classes_20231206____rencai_dangjian_park____cat____mask__label__start__1__10__1____1698458563.705000.png
image/train/____all_classes_20231206____rencai_dangjian_park____person____mask__label__start__1__10__1____1698468016.163000.jpg   label/train/____all_classes_20231206____rencai_dangjian_park____person____mask__label__start__1__10__1____1698468016.163000.png
image/train/____from_grassDataSets_20231207____data____mask__label__start__1__10__1____20230715205851_3940_sumeida.jpg   label/train/____from_grassDataSets_20231207____data____mask__label__start__1__10__1____20230715205851_3940_sumeida.png
image/train/____from_grassDataSets_20231207____data____mask__label__start__1__10__1____1695784483.318000.jpg   label/train/____from_grassDataSets_20231207____data____mask__label__start__1__10__1____1695784483.318000.png
image/train/____from_grassDataSets_20231207____data____mask__label__start__1__10__1____20230715205047_10195_sumeida.jpg   label/train/____from_grassDataSets_20231207____data____mask__label__start__1__10__1____20230715205047_10195_sumeida.png
image/train/____from_grassDataSets_20231207____data____mask__label__start__1__10__1____1695784622.236000.jpg   label/train/____from_grassDataSets_20231207____data____mask__label__start__1__10__1____1695784622.236000.png
image/train/____from_grassDataSets_20231207____data____mask__label__start__1__10__1____20230715204909_8730_sumeida.jpg   label/train/____from_grassDataSets_20231207____data____mask__label__start__1__10__1____20230715204909_8730_sumeida.png
image/train/____from_grassDataSets_20231207____data____mask__label__start__1__10__1____1695795057.801000.jpg   label/train/____from_grassDataSets_20231207____data____mask__label__start__1__10__1____1695795057.801000.png
image/train/____from_grassDataSets_20231207____data____mask__label__start__1__10__1____1695785551.859000.jpg   label/train/____from_grassDataSets_20231207____data____mask__label__start__1__10__1____1695785551.859000.png
image/train/____station_fromPan_20240202____station____mask__label__start__1__10__1____1701073018.55699992.jpg   label/train/____station_fromPan_20240202____station____mask__label__start__1__10__1____1701073018.55699992.png
image/train/____from_grassDataSets_20231207____data____mask__label__start__1__10__1____1695800099.149000.jpg   label/train/____from_grassDataSets_20231207____data____mask__label__start__1__10__1____1695800099.149000.png
image/train/____from_grassDataSets_20231207____data____mask__label__start__1__10__1____1693973699.351000.jpg   label/train/____from_grassDataSets_20231207____data____mask__label__start__1__10__1____1693973699.351000.png
image/train/____from_grassDataSets_20231207____data____mask__label__start__1__10__1____20230715205827_3590_sumeida.jpg   label/train/____from_grassDataSets_20231207____data____mask__label__start__1__10__1____20230715205827_3590_sumeida.png
image/train/____from_grassDataSets_20231207____data____mask__label__start__1__10__1____1693344013.003000.jpg   label/train/____from_grassDataSets_20231207____data____mask__label__start__1__10__1____1693344013.003000.png
image/train/____station_fromPan_20240202____station____mask__label__start__1__10__1____1701072994.95600009.jpg   label/train/____station_fromPan_20240202____station____mask__label__start__1__10__1____1701072994.95600009.png
image/train/____lixiangPark_20240226____wire____mask__label__start__1__10__1____1708930910.794000.jpg   label/train/____lixiangPark_20240226____wire____mask__label__start__1__10__1____1708930910.794000.png
image/train/____from_grassDataSets_20231207____data____mask__label__start__1__10__1____1695785067.188000.jpg   label/train/____from_grassDataSets_20231207____data____mask__label__start__1__10__1____1695785067.188000.png
image/train/____from_grassDataSets_20231207____data____mask__label__start__1__10__1____1697974517.412000.jpg   label/train/____from_grassDataSets_20231207____data____mask__label__start__1__10__1____1697974517.412000.png
image/train/____all_classes_20231206____busstation____adult____mask__label__start__1__10__1____1700729283.591000.jpg   label/train/____all_classes_20231206____busstation____adult____mask__label__start__1__10__1____1700729283.591000.png
image/train/____from_grassDataSets_20231207____data____mask__label__start__1__10__1____1695795307.996000.jpg   label/train/____from_grassDataSets_20231207____data____mask__label__start__1__10__1____1695795307.996000.png
image/train/____from_grassDataSets_20231207____data____mask__label__start__1__10__1____20230715205836_3720_sumeida.jpg   label/train/____from_grassDataSets_20231207____data____mask__label__start__1__10__1____20230715205836_3720_sumeida.png
image/train/____from_grassDataSets_20231207____data____mask__label__start__1__10__1____1695804353.311000.jpg   label/train/____from_grassDataSets_20231207____data____mask__label__start__1__10__1____1695804353.311000.png
image/train/____dangjian_lixiang_child20240208____child____mask__label__start__1__10__1____1706688137.436000.jpg   label/train/____dangjian_lixiang_child20240208____child____mask__label__start__1__10__1____1706688137.436000.png
image/train/____from_grassDataSets_20231207____data____mask__label__start__1__10__1____1694741933.363000.jpg   label/train/____from_grassDataSets_20231207____data____mask__label__start__1__10__1____1694741933.363000.png
image/train/____station_fromPan_20240202____station____mask__label__start__1__10__1____1702524278.11199999.jpg   label/train/____station_fromPan_20240202____station____mask__label__start__1__10__1____1702524278.11199999.png
image/train/____station_fromPan_20240202____station____mask__label__start__1__10__1____1701070844.94099998.jpg   label/train/____station_fromPan_20240202____station____mask__label__start__1__10__1____1701070844.94099998.png
image/train/____Oxford-IIIT_Pets_ruichiLabel____Oxford-IIIT_Pets_ruichiLabel_b234_ba____mask__label__start__1__10__1____american_bulldog_14.jpg   label/train/____Oxford-IIIT_Pets_ruichiLabel____Oxford-IIIT_Pets_ruichiLabel_b234_ba____mask__label__start__1__10__1____american_bulldog_14.png
image/train/____from_grassDataSets_20231207____data____mask__label__start__1__10__1____1695800112.948000.jpg   label/train/____from_grassDataSets_20231207____data____mask__label__start__1__10__1____1695800112.948000.png
image/train/____all_classes_20231206____rencai_dangjian_park____person____mask__label__start__1__10__1____1698216240.799000.jpg   label/train/____all_classes_20231206____rencai_dangjian_park____person____mask__label__start__1__10__1____1698216240.799000.png
image/train/____from_grassDataSets_20231207____data____mask__label__start__1__10__1____1695786559.400000.jpg   label/train/____from_grassDataSets_20231207____data____mask__label__start__1__10__1____1695786559.400000.png
image/train/____station_fromPan_20240202____station____mask__label__start__1__10__1____1701071836.61000013.jpg   label/train/____station_fromPan_20240202____station____mask__label__start__1__10__1____1701071836.61000013.png
image/train/____from_grassDataSets_20231207____data____mask__label__start__1__10__1____1690510940.556000.jpg   label/train/____from_grassDataSets_20231207____data____mask__label__start__1__10__1____1690510940.556000.png
image/train/____all_classes_20231206____rencai_dangjian_park____person____mask__label__start__1__10__1____1698216323.237000.jpg   label/train/____all_classes_20231206____rencai_dangjian_park____person____mask__label__start__1__10__1____1698216323.237000.png
image/train/____all_classes_20231206____rencai_dangjian_park____person____mask__label__start__1__10__1____1698469367.819000.jpg   label/train/____all_classes_20231206____rencai_dangjian_park____person____mask__label__start__1__10__1____1698469367.819000.png
image/train/____all_classes_20231206____rencai_dangjian_park____person____mask__label__start__1__10__1____1698217696.811000.jpg   label/train/____all_classes_20231206____rencai_dangjian_park____person____mask__label__start__1__10__1____1698217696.811000.png
image/train/____all_classes_20231206____rencai_dangjian_park____dog____mask__label__start__1__10__1____1698458938.897000.jpg   label/train/____all_classes_20231206____rencai_dangjian_park____dog____mask__label__start__1__10__1____1698458938.897000.png
image/train/____from_grassDataSets_20231207____data____mask__label__start__1__10__1____1692082112.469000.jpg   label/train/____from_grassDataSets_20231207____data____mask__label__start__1__10__1____1692082112.469000.png
image/train/____all_classes_20231206____rencai_dangjian_park____person____mask__label__start__1__10__1____1698217951.125000.jpg   label/train/____all_classes_20231206____rencai_dangjian_park____person____mask__label__start__1__10__1____1698217951.125000.png
image/train/____station_fromPan_20240202____station____mask__label__start__1__10__1____1702523228.12800002.jpg   label/train/____station_fromPan_20240202____station____mask__label__start__1__10__1____1702523228.12800002.png
image/train/____station_fromPan_20240202____station____mask__label__start__1__10__1____1702523161.57800007.jpg   label/train/____station_fromPan_20240202____station____mask__label__start__1__10__1____1702523161.57800007.png
image/train/____from_grassDataSets_20231207____data____mask__label__start__1__10__1____20230715205756_3125_sumeida.jpg   label/train/____from_grassDataSets_20231207____data____mask__label__start__1__10__1____20230715205756_3125_sumeida.png
image/train/____from_grassDataSets_20231207____data____mask__label__start__1__10__1____1695786350.004000.jpg   label/train/____from_grassDataSets_20231207____data____mask__label__start__1__10__1____1695786350.004000.png
image/train/____station_fromPan_20240202____station____mask__label__start__1__10__1____1702525699.75999999.jpg   label/train/____station_fromPan_20240202____station____mask__label__start__1__10__1____1702525699.75999999.png
image/train/____from_grassDataSets_20231207____data____mask__label__start__1__10__1____1695795847.026000.jpg   label/train/____from_grassDataSets_20231207____data____mask__label__start__1__10__1____1695795847.026000.png
image/train/____from_grassDataSets_20231207____data____mask__label__start__1__10__1____1695784422.399000.jpg   label/train/____from_grassDataSets_20231207____data____mask__label__start__1__10__1____1695784422.399000.png
image/train/____all_classes_20231206____rencai_dangjian_park____chapai____mask__label__start__1__10__1____1698652675.547000.jpg   label/train/____all_classes_20231206____rencai_dangjian_park____chapai____mask__label__start__1__10__1____1698652675.547000.png
image/train/____from_grassDataSets_20231207____data____mask__label__start__1__10__1____1695784584.396000.jpg   label/train/____from_grassDataSets_20231207____data____mask__label__start__1__10__1____1695784584.396000.png
image/train/____lixiangPark_20240226____wire____mask__label__start__1__10__1____1708933527.593000.jpg   label/train/____lixiangPark_20240226____wire____mask__label__start__1__10__1____1708933527.593000.png
image/train/____from_grassDataSets_20231207____data____mask__label__start__1__10__1____1695803887.880000.jpg   label/train/____from_grassDataSets_20231207____data____mask__label__start__1__10__1____1695803887.880000.png
image/train/____all_classes_20231206____rencai_dangjian_park____person____mask__label__start__1__10__1____1698217773.529000.jpg   label/train/____all_classes_20231206____rencai_dangjian_park____person____mask__label__start__1__10__1____1698217773.529000.png
image/train/____from_grassDataSets_20231207____data____mask__label__start__1__10__1____1690510837.958000.jpg   label/train/____from_grassDataSets_20231207____data____mask__label__start__1__10__1____1690510837.958000.png
image/train/____station_fromPan_20240202____station____mask__label__start__1__10__1____1702524277.67199993.jpg   label/train/____station_fromPan_20240202____station____mask__label__start__1__10__1____1702524277.67199993.png
image/train/____from_grassDataSets_20231207____data____mask__label__start__1__10__1____1695786622.999000.jpg   label/train/____from_grassDataSets_20231207____data____mask__label__start__1__10__1____1695786622.999000.png
image/train/____from_grassDataSets_20231207____data____mask__label__start__1__10__1____1693811582.011000.jpg   label/train/____from_grassDataSets_20231207____data____mask__label__start__1__10__1____1693811582.011000.png
image/train/____from_grassDataSets_20231207____data____mask__label__start__1__10__1____1695800138.468000.jpg   label/train/____from_grassDataSets_20231207____data____mask__label__start__1__10__1____1695800138.468000.png
image/train/____from_grassDataSets_20231207____data____mask__label__start__1__10__1____1692084193.327000.jpg   label/train/____from_grassDataSets_20231207____data____mask__label__start__1__10__1____1692084193.327000.png
image/train/____station_fromPan_20240202____station____mask__label__start__1__10__1____1702525480.50099993.jpg   label/train/____station_fromPan_20240202____station____mask__label__start__1__10__1____1702525480.50099993.png
image/train/____from_grassDataSets_20231207____data____mask__label__start__1__10__1____1695798935.814000.jpg   label/train/____from_grassDataSets_20231207____data____mask__label__start__1__10__1____1695798935.814000.png
image/train/____lixiangPark_20240226____wire____mask__label__start__1__10__1____1708931738.860000.jpg   label/train/____lixiangPark_20240226____wire____mask__label__start__1__10__1____1708931738.860000.png
image/train/____from_grassDataSets_20231207____data____mask__label__start__1__10__1____1695795900.865000.jpg   label/train/____from_grassDataSets_20231207____data____mask__label__start__1__10__1____1695795900.865000.png
image/train/____from_grassDataSets_20231207____data____mask__label__start__1__10__1____1693813462.412000.jpg   label/train/____from_grassDataSets_20231207____data____mask__label__start__1__10__1____1693813462.412000.png
image/train/____from_grassDataSets_20231207____data____mask__label__start__1__10__1____1695786418.963000.jpg   label/train/____from_grassDataSets_20231207____data____mask__label__start__1__10__1____1695786418.963000.png
image/train/____station_fromPan_20240202____station____mask__label__start__1__10__1____1701070836.26099992.jpg   label/train/____station_fromPan_20240202____station____mask__label__start__1__10__1____1701070836.26099992.png
image/train/____from_grassDataSets_20231207____data____mask__label__start__1__10__1____1695803894.560000.jpg   label/train/____from_grassDataSets_20231207____data____mask__label__start__1__10__1____1695803894.560000.png
image/train/____from_grassDataSets_20231207____data____mask__label__start__1__10__1____1693986483.090000.jpg   label/train/____from_grassDataSets_20231207____data____mask__label__start__1__10__1____1693986483.090000.png
image/train/____station_fromPan_20240202____station____mask__label__start__1__10__1____1701073016.87599993.jpg   label/train/____station_fromPan_20240202____station____mask__label__start__1__10__1____1701073016.87599993.png
image/train/____from_grassDataSets_20231207_semanticLabeled____from_grassLabel_semantic____mask__label__start__1__10__1____20230715205734_2785_sumeida.jpg   label/train/____from_grassDataSets_20231207_semanticLabeled____from_grassLabel_semantic____mask__label__start__1__10__1____20230715205734_2785_sumeida.png
image/train/____from_grassDataSets_20231207____data____mask__label__start__1__10__1____1692083918.532000.jpg   label/train/____from_grassDataSets_20231207____data____mask__label__start__1__10__1____1692083918.532000.png
image/train/____station_fromPan_20240202____station____mask__label__start__1__10__1____1698655236.893000.jpg   label/train/____station_fromPan_20240202____station____mask__label__start__1__10__1____1698655236.893000.png
image/train/____from_grassDataSets_20231207____data____mask__label__start__1__10__1____1690510059.653000.jpg   label/train/____from_grassDataSets_20231207____data____mask__label__start__1__10__1____1690510059.653000.png
image/train/____from_grassDataSets_20231207____data____mask__label__start__1__10__1____1695786567.280000.jpg   label/train/____from_grassDataSets_20231207____data____mask__label__start__1__10__1____1695786567.280000.png
image/train/____from_grassDataSets_20231207____data____mask__label__start__1__10__1____1695784811.312000.jpg   label/train/____from_grassDataSets_20231207____data____mask__label__start__1__10__1____1695784811.312000.png
image/train/____from_grassDataSets_20231207____data____mask__label__start__1__10__1____1690510162.571000.jpg   label/train/____from_grassDataSets_20231207____data____mask__label__start__1__10__1____1690510162.571000.png
image/train/____station_fromPan_20240202____station____mask__label__start__1__10__1____1702523550.79400015.jpg   label/train/____station_fromPan_20240202____station____mask__label__start__1__10__1____1702523550.79400015.png
image/train/____station_fromPan_20240202____station____mask__label__start__1__10__1____1698655234.613000.jpg   label/train/____station_fromPan_20240202____station____mask__label__start__1__10__1____1698655234.613000.png
image/train/____from_grassDataSets_20231207____data____mask__label__start__1__10__1____1693387392.922000.jpg   label/train/____from_grassDataSets_20231207____data____mask__label__start__1__10__1____1693387392.922000.png
image/train/____from_grassDataSets_20231207____data____mask__label__start__1__10__1____1695795192.038000.jpg   label/train/____from_grassDataSets_20231207____data____mask__label__start__1__10__1____1695795192.038000.png
image/train/____from_grassDataSets_20231207____data____mask__label__start__1__10__1____1695799290.207000.jpg   label/train/____from_grassDataSets_20231207____data____mask__label__start__1__10__1____1695799290.207000.png
image/train/____lixiangPark_20240226____wire____mask__label__start__1__10__1____1708930921.314000.jpg   label/train/____lixiangPark_20240226____wire____mask__label__start__1__10__1____1708930921.314000.png
image/train/____from_grassDataSets_20231207____data____mask__label__start__1__10__1____1693988574.832000.jpg   label/train/____from_grassDataSets_20231207____data____mask__label__start__1__10__1____1693988574.832000.png
image/train/____station_fromPan_20240202____station____mask__label__start__1__10__1____1702522621.29699993.jpg   label/train/____station_fromPan_20240202____station____mask__label__start__1__10__1____1702522621.29699993.png
image/train/____from_grassDataSets_20231207____data____mask__label__start__1__10__1____1697037671.297000.jpg   label/train/____from_grassDataSets_20231207____data____mask__label__start__1__10__1____1697037671.297000.png
image/train/____lixiangPark_20240226____wire____mask__label__start__1__10__1____1708931712.861000.jpg   label/train/____lixiangPark_20240226____wire____mask__label__start__1__10__1____1708931712.861000.png
image/train/____dangjian_lixiang_child20240208____child____mask__label__start__1__10__1____1706686154.479000.jpg   label/train/____dangjian_lixiang_child20240208____child____mask__label__start__1__10__1____1706686154.479000.png
image/train/____from_grassDataSets_20231207____data____mask__label__start__1__10__1____1693387399.042000.jpg   label/train/____from_grassDataSets_20231207____data____mask__label__start__1__10__1____1693387399.042000.png
image/train/____from_grassDataSets_20231207____data____mask__label__start__1__10__1____1695784594.516000.jpg   label/train/____from_grassDataSets_20231207____data____mask__label__start__1__10__1____1695784594.516000.png
image/train/____station_fromPan_20240202____station____mask__label__start__1__10__1____1701073060.63700008.jpg   label/train/____station_fromPan_20240202____station____mask__label__start__1__10__1____1701073060.63700008.png
image/train/____all_classes_20231206____crawl_data____grass_flowers____mask__label__start__1__10__1____crawler_1698991034.477877.jpg   label/train/____all_classes_20231206____crawl_data____grass_flowers____mask__label__start__1__10__1____crawler_1698991034.477877.png
image/train/____all_classes_20231206____lixiangPark_20231101____person____mask__label__start__1__10__1____1698830539.818000.jpg   label/train/____all_classes_20231206____lixiangPark_20231101____person____mask__label__start__1__10__1____1698830539.818000.png
image/train/____all_classes_20231206____rencai_dangjian_park____person____mask__label__start__1__10__1____1698472542.844000.jpg   label/train/____all_classes_20231206____rencai_dangjian_park____person____mask__label__start__1__10__1____1698472542.844000.png
image/train/____dangjian_lixiang_child20240208____child____mask__label__start__1__10__1____1706686716.587000.jpg   label/train/____dangjian_lixiang_child20240208____child____mask__label__start__1__10__1____1706686716.587000.png
image/train/____from_grassDataSets_20231207____data____mask__label__start__1__10__1____1695785571.214000.jpg   label/train/____from_grassDataSets_20231207____data____mask__label__start__1__10__1____1695785571.214000.png
image/train/____all_classes_20231206____rencai_dangjian_park____person____mask__label__start__1__10__1____1698218030.244000.jpg   label/train/____all_classes_20231206____rencai_dangjian_park____person____mask__label__start__1__10__1____1698218030.244000.png
image/train/____Oxford-IIIT_Pets_ruichiLabel____Oxford-IIIT_Pets_ruichiLabel_b234_ba____mask__label__start__1__10__1____beagle_33.jpg   label/train/____Oxford-IIIT_Pets_ruichiLabel____Oxford-IIIT_Pets_ruichiLabel_b234_ba____mask__label__start__1__10__1____beagle_33.png
image/train/____from_grassDataSets_20231207____data____mask__label__start__1__10__1____1695795200.518000.jpg   label/train/____from_grassDataSets_20231207____data____mask__label__start__1__10__1____1695795200.518000.png
image/train/____station_fromPan_20240202____station____mask__label__start__1__10__1____1698655267.092000.jpg   label/train/____station_fromPan_20240202____station____mask__label__start__1__10__1____1698655267.092000.png
image/train/____from_grassDataSets_20231207____data____mask__label__start__1__10__1____20230715205523_830_sumeida.jpg   label/train/____from_grassDataSets_20231207____data____mask__label__start__1__10__1____20230715205523_830_sumeida.png
