image/train/____from_grassDataSets_20231207____data____mask__label__start__1__10__1____1693387383.123000.jpg   label/train/____from_grassDataSets_20231207____data____mask__label__start__1__10__1____1693387383.123000.png
image/train/____station_fromPan_20240202____station____mask__label__start__1__10__1____1701071550.88100004.jpg   label/train/____station_fromPan_20240202____station____mask__label__start__1__10__1____1701071550.88100004.png
image/train/____from_grassDataSets_20231207____data____mask__label__start__1__10__1____1693813610.929000.jpg   label/train/____from_grassDataSets_20231207____data____mask__label__start__1__10__1____1693813610.929000.png
image/train/____from_grassDataSets_20231207____data____mask__label__start__1__10__1____20230715204128_1810_sumeida.jpg   label/train/____from_grassDataSets_20231207____data____mask__label__start__1__10__1____20230715204128_1810_sumeida.png
image/train/____from_grassDataSets_20231207____data____mask__label__start__1__10__1____1695800885.774000.jpg   label/train/____from_grassDataSets_20231207____data____mask__label__start__1__10__1____1695800885.774000.png
image/train/____from_grassDataSets_20231207____data____mask__label__start__1__10__1____1693387289.924000.jpg   label/train/____from_grassDataSets_20231207____data____mask__label__start__1__10__1____1693387289.924000.png
image/train/____all_classes_20231206____lixiangPark_20231101____person____mask__label__start__1__10__1____1698830415.421000.jpg   label/train/____all_classes_20231206____lixiangPark_20231101____person____mask__label__start__1__10__1____1698830415.421000.png
image/train/____from_grassDataSets_20231207____data____mask__label__start__1__10__1____1695798256.866000.jpg   label/train/____from_grassDataSets_20231207____data____mask__label__start__1__10__1____1695798256.866000.png
image/train/____all_classes_20231206____rencai_dangjian_park____dog____mask__label__start__1__10__1____1698651834.925000.jpg   label/train/____all_classes_20231206____rencai_dangjian_park____dog____mask__label__start__1__10__1____1698651834.925000.png
image/train/____station_fromPan_20240202____station____mask__label__start__1__10__1____1698655394.010000.jpg   label/train/____station_fromPan_20240202____station____mask__label__start__1__10__1____1698655394.010000.png
image/train/____all_classes_20231206____rencai_dangjian_park____flower____mask__label__start__1__10__1____1698464228.473000.jpg   label/train/____all_classes_20231206____rencai_dangjian_park____flower____mask__label__start__1__10__1____1698464228.473000.png
image/train/____all_classes_20231206____rencai_dangjian_park____chapai____mask__label__start__1__10__1____1698652679.027000.jpg   label/train/____all_classes_20231206____rencai_dangjian_park____chapai____mask__label__start__1__10__1____1698652679.027000.png
image/train/____station_fromPan_20240202____station____mask__label__start__1__10__1____1701070818.22099996.jpg   label/train/____station_fromPan_20240202____station____mask__label__start__1__10__1____1701070818.22099996.png
image/train/____all_classes_20231206____rencai_dangjian_park____person____mask__label__start__1__10__1____1698468013.483000.jpg   label/train/____all_classes_20231206____rencai_dangjian_park____person____mask__label__start__1__10__1____1698468013.483000.png
image/train/____from_grassDataSets_20231207____data____mask__label__start__1__10__1____1695784762.433000.jpg   label/train/____from_grassDataSets_20231207____data____mask__label__start__1__10__1____1695784762.433000.png
image/train/____from_grassDataSets_20231207____data____mask__label__start__1__10__1____1695785021.353000.jpg   label/train/____from_grassDataSets_20231207____data____mask__label__start__1__10__1____1695785021.353000.png
image/train/____from_grassDataSets_20231207____data____mask__label__start__1__10__1____1695804398.910000.jpg   label/train/____from_grassDataSets_20231207____data____mask__label__start__1__10__1____1695804398.910000.png
image/train/____all_classes_20231206____rencai_dangjian_park____person____mask__label__start__1__10__1____1698468394.395000.jpg   label/train/____all_classes_20231206____rencai_dangjian_park____person____mask__label__start__1__10__1____1698468394.395000.png
image/train/____from_grassDataSets_20231207____data____mask__label__start__1__10__1____1693266067.904000.jpg   label/train/____from_grassDataSets_20231207____data____mask__label__start__1__10__1____1693266067.904000.png
image/train/____from_grassDataSets_20231207____data____mask__label__start__1__10__1____1695798971.413000.jpg   label/train/____from_grassDataSets_20231207____data____mask__label__start__1__10__1____1695798971.413000.png
image/train/____from_grassDataSets_20231207____data____mask__label__start__1__10__1____1693984321.732000.jpg   label/train/____from_grassDataSets_20231207____data____mask__label__start__1__10__1____1693984321.732000.png
image/train/____all_classes_20231206____crawl_data____grass_dog____mask__label__start__1__10__1____crawler_1698990972.589756.jpg   label/train/____all_classes_20231206____crawl_data____grass_dog____mask__label__start__1__10__1____crawler_1698990972.589756.png
image/train/____dangjian_lixiang_child20240208____child____mask__label__start__1__10__1____1706688080.997000.jpg   label/train/____dangjian_lixiang_child20240208____child____mask__label__start__1__10__1____1706688080.997000.png
image/train/____all_classes_20231206____busstation____adult____mask__label__start__1__10__1____1700729277.711000.jpg   label/train/____all_classes_20231206____busstation____adult____mask__label__start__1__10__1____1700729277.711000.png
image/train/____from_grassDataSets_20231207____data____mask__label__start__1__10__1____1693812372.552000.jpg   label/train/____from_grassDataSets_20231207____data____mask__label__start__1__10__1____1693812372.552000.png
image/train/____from_grassDataSets_20231207____data____mask__label__start__1__10__1____1695786571.480000.jpg   label/train/____from_grassDataSets_20231207____data____mask__label__start__1__10__1____1695786571.480000.png
image/train/____from_grassDataSets_20231207____data____mask__label__start__1__10__1____1695797998.551000.jpg   label/train/____from_grassDataSets_20231207____data____mask__label__start__1__10__1____1695797998.551000.png
image/train/____dangjian_lixiang_child20240208____child____mask__label__start__1__10__1____1706688080.077000.jpg   label/train/____dangjian_lixiang_child20240208____child____mask__label__start__1__10__1____1706688080.077000.png
image/train/____all_classes_20231206____rencai_dangjian_park____flower____mask__label__start__1__10__1____1698464139.075000.jpg   label/train/____all_classes_20231206____rencai_dangjian_park____flower____mask__label__start__1__10__1____1698464139.075000.png
image/train/____from_grassDataSets_20231207____data____mask__label__start__1__10__1____1695798551.581000.jpg   label/train/____from_grassDataSets_20231207____data____mask__label__start__1__10__1____1695798551.581000.png
image/train/____from_grassDataSets_20231207____data____mask__label__start__1__10__1____1695804582.347000.jpg   label/train/____from_grassDataSets_20231207____data____mask__label__start__1__10__1____1695804582.347000.png
image/train/____Oxford-IIIT_Pets_ruichiLabel____Oxford-IIIT_Pets_ruichiLabel_b234_ba____mask__label__start__1__10__1____miniature_pinscher_104.jpg   label/train/____Oxford-IIIT_Pets_ruichiLabel____Oxford-IIIT_Pets_ruichiLabel_b234_ba____mask__label__start__1__10__1____miniature_pinscher_104.png
image/train/____all_classes_20231206____rencai_dangjian_park____person____mask__label__start__1__10__1____1698472138.372000.jpg   label/train/____all_classes_20231206____rencai_dangjian_park____person____mask__label__start__1__10__1____1698472138.372000.png
image/train/____all_classes_20231206____rencai_dangjian_park____person____mask__label__start__1__10__1____1698469678.532000.jpg   label/train/____all_classes_20231206____rencai_dangjian_park____person____mask__label__start__1__10__1____1698469678.532000.png
image/train/____from_grassDataSets_20231207____data____mask__label__start__1__10__1____20230715204156_2230_sumeida.jpg   label/train/____from_grassDataSets_20231207____data____mask__label__start__1__10__1____20230715204156_2230_sumeida.png
image/train/____from_grassDataSets_20231207____data____mask__label__start__1__10__1____1693973718.550000.jpg   label/train/____from_grassDataSets_20231207____data____mask__label__start__1__10__1____1693973718.550000.png
image/train/____from_grassDataSets_20231207____data____mask__label__start__1__10__1____1695802895.138000.jpg   label/train/____from_grassDataSets_20231207____data____mask__label__start__1__10__1____1695802895.138000.png
image/train/____lixiangPark_20240226____wire____mask__label__start__1__10__1____1708930252.365000.jpg   label/train/____lixiangPark_20240226____wire____mask__label__start__1__10__1____1708930252.365000.png
image/train/____from_grassDataSets_20231207____data____mask__label__start__1__10__1____1695786411.203000.jpg   label/train/____from_grassDataSets_20231207____data____mask__label__start__1__10__1____1695786411.203000.png
image/train/____all_classes_20231206____rencai_dangjian_park____chapai____mask__label__start__1__10__1____1698652114.279000.jpg   label/train/____all_classes_20231206____rencai_dangjian_park____chapai____mask__label__start__1__10__1____1698652114.279000.png
image/train/____from_grassDataSets_20231207____data____mask__label__start__1__10__1____1695798473.262000.jpg   label/train/____from_grassDataSets_20231207____data____mask__label__start__1__10__1____1695798473.262000.png
image/train/____station_fromPan_20240202____station____mask__label__start__1__10__1____1699338647.566542.jpg   label/train/____station_fromPan_20240202____station____mask__label__start__1__10__1____1699338647.566542.png
image/train/____dangjian_lixiang_child20240208____child____mask__label__start__1__10__1____1706686091.720000.jpg   label/train/____dangjian_lixiang_child20240208____child____mask__label__start__1__10__1____1706686091.720000.png
image/train/____dangjian_lixiang_child20240208____child____mask__label__start__1__10__1____1707188416.242000.jpg   label/train/____dangjian_lixiang_child20240208____child____mask__label__start__1__10__1____1707188416.242000.png
image/train/____all_classes_20231206____rencai_dangjian_park____flower____mask__label__start__1__10__1____1698654493.989000.jpg   label/train/____all_classes_20231206____rencai_dangjian_park____flower____mask__label__start__1__10__1____1698654493.989000.png
image/train/____from_grassDataSets_20231207____data____mask__label__start__1__10__1____1690509549.502000.jpg   label/train/____from_grassDataSets_20231207____data____mask__label__start__1__10__1____1690509549.502000.png
image/train/____station_fromPan_20240202____station____mask__label__start__1__10__1____1698655241.613000.jpg   label/train/____station_fromPan_20240202____station____mask__label__start__1__10__1____1698655241.613000.png
image/train/____from_grassDataSets_20231207____data____mask__label__start__1__10__1____1701685480.683000.jpg   label/train/____from_grassDataSets_20231207____data____mask__label__start__1__10__1____1701685480.683000.png
image/train/____all_classes_20231206____rencai_dangjian_park____dog____mask__label__start__1__10__1____1698458933.017000.jpg   label/train/____all_classes_20231206____rencai_dangjian_park____dog____mask__label__start__1__10__1____1698458933.017000.png
image/train/____all_classes_20231206____rencai_dangjian_park____dog____mask__label__start__1__10__1____1698456458.865000.jpg   label/train/____all_classes_20231206____rencai_dangjian_park____dog____mask__label__start__1__10__1____1698456458.865000.png
image/train/____all_classes_20231206____rencai_dangjian_park____dog____mask__label__start__1__10__1____1698651859.010000.jpg   label/train/____all_classes_20231206____rencai_dangjian_park____dog____mask__label__start__1__10__1____1698651859.010000.png
image/train/____station_fromPan_20240202____station____mask__label__start__1__10__1____1701071519.03999996.jpg   label/train/____station_fromPan_20240202____station____mask__label__start__1__10__1____1701071519.03999996.png
image/train/____from_grassDataSets_20231207____data____mask__label__start__1__10__1____1697035898.828000.jpg   label/train/____from_grassDataSets_20231207____data____mask__label__start__1__10__1____1697035898.828000.png
image/train/____from_grassDataSets_20231207____data____mask__label__start__1__10__1____20230715210001_4990_sumeida.jpg   label/train/____from_grassDataSets_20231207____data____mask__label__start__1__10__1____20230715210001_4990_sumeida.png
image/train/____all_classes_20231206____rencai_dangjian_park____person____mask__label__start__1__10__1____1698468412.275000.jpg   label/train/____all_classes_20231206____rencai_dangjian_park____person____mask__label__start__1__10__1____1698468412.275000.png
image/train/____station_fromPan_20240202____station____mask__label__start__1__10__1____1702524272.87000012.jpg   label/train/____station_fromPan_20240202____station____mask__label__start__1__10__1____1702524272.87000012.png
image/train/____from_grassDataSets_20231207____data____mask__label__start__1__10__1____1695798381.664000.jpg   label/train/____from_grassDataSets_20231207____data____mask__label__start__1__10__1____1695798381.664000.png
image/train/____all_classes_20231206____rencai_dangjian_park____flower____mask__label__start__1__10__1____1698654009.159000.jpg   label/train/____all_classes_20231206____rencai_dangjian_park____flower____mask__label__start__1__10__1____1698654009.159000.png
image/train/____from_grassDataSets_20231207____data____mask__label__start__1__10__1____1694853233.503000.jpg   label/train/____from_grassDataSets_20231207____data____mask__label__start__1__10__1____1694853233.503000.png
image/train/____from_grassDataSets_20231207____data____mask__label__start__1__10__1____1695794525.899000.jpg   label/train/____from_grassDataSets_20231207____data____mask__label__start__1__10__1____1695794525.899000.png
image/train/____from_grassDataSets_20231207____data____mask__label__start__1__10__1____1695799068.292000.jpg   label/train/____from_grassDataSets_20231207____data____mask__label__start__1__10__1____1695799068.292000.png
image/train/____from_grassDataSets_20231207____data____mask__label__start__1__10__1____1693973167.361000.jpg   label/train/____from_grassDataSets_20231207____data____mask__label__start__1__10__1____1693973167.361000.png
image/train/____all_classes_20231206____busstation____adult____mask__label__start__1__10__1____1700729345.911000.jpg   label/train/____all_classes_20231206____busstation____adult____mask__label__start__1__10__1____1700729345.911000.png
image/train/____from_grassDataSets_20231207____data____mask__label__start__1__10__1____1692085853.499000.jpg   label/train/____from_grassDataSets_20231207____data____mask__label__start__1__10__1____1692085853.499000.png
image/train/____all_classes_20231206____lixiangPark_20231101____person____mask__label__start__1__10__1____1698830391.145000.jpg   label/train/____all_classes_20231206____lixiangPark_20231101____person____mask__label__start__1__10__1____1698830391.145000.png
image/train/____all_classes_20231206____lixiangPark_20231101____chapai____mask__label__start__1__10__1____1698830014.188000.jpg   label/train/____all_classes_20231206____lixiangPark_20231101____chapai____mask__label__start__1__10__1____1698830014.188000.png
image/train/____anji_record_20231215____bag_20231213____mask__label__start__1__10__1____1702373140.141000.jpg   label/train/____anji_record_20231215____bag_20231213____mask__label__start__1__10__1____1702373140.141000.png
image/train/____Oxford-IIIT_Pets_ruichiLabel____Oxford-IIIT_Pets_ruichiLabel_b234_ba____mask__label__start__1__10__1____Abyssinian_167.jpg   label/train/____Oxford-IIIT_Pets_ruichiLabel____Oxford-IIIT_Pets_ruichiLabel_b234_ba____mask__label__start__1__10__1____Abyssinian_167.png
image/train/____station_fromPan_20240202____station____mask__label__start__1__10__1____1698655363.610000.jpg   label/train/____station_fromPan_20240202____station____mask__label__start__1__10__1____1698655363.610000.png
image/train/____station_fromPan_20240202____station____mask__label__start__1__10__1____1698655394.850000.jpg   label/train/____station_fromPan_20240202____station____mask__label__start__1__10__1____1698655394.850000.png
image/train/____all_classes_20231206____rencai_dangjian_park____chapai____mask__label__start__1__10__1____1698653415.531000.jpg   label/train/____all_classes_20231206____rencai_dangjian_park____chapai____mask__label__start__1__10__1____1698653415.531000.png
image/train/____all_classes_20231206____rencai_dangjian_park____person____mask__label__start__1__10__1____1698473360.146000.jpg   label/train/____all_classes_20231206____rencai_dangjian_park____person____mask__label__start__1__10__1____1698473360.146000.png
image/train/____from_grassDataSets_20231207____data____mask__label__start__1__10__1____1694509195.560000.jpg   label/train/____from_grassDataSets_20231207____data____mask__label__start__1__10__1____1694509195.560000.png
image/train/____from_grassDataSets_20231207____data____mask__label__start__1__10__1____1692083225.609000.jpg   label/train/____from_grassDataSets_20231207____data____mask__label__start__1__10__1____1692083225.609000.png
image/train/____from_grassDataSets_20231207____data____mask__label__start__1__10__1____1695795304.996000.jpg   label/train/____from_grassDataSets_20231207____data____mask__label__start__1__10__1____1695795304.996000.png
image/train/____from_grassDataSets_20231207____data____mask__label__start__1__10__1____1695784726.914000.jpg   label/train/____from_grassDataSets_20231207____data____mask__label__start__1__10__1____1695784726.914000.png
image/train/____all_classes_20231206____rencai_dangjian_park____chapai____mask__label__start__1__10__1____1698652269.276000.jpg   label/train/____all_classes_20231206____rencai_dangjian_park____chapai____mask__label__start__1__10__1____1698652269.276000.png
image/train/____station_fromPan_20240202____station____mask__label__start__1__10__1____1699338685.753650.jpg   label/train/____station_fromPan_20240202____station____mask__label__start__1__10__1____1699338685.753650.png
image/train/____from_grassDataSets_20231207____data____mask__label__start__1__10__1____1695800653.739000.jpg   label/train/____from_grassDataSets_20231207____data____mask__label__start__1__10__1____1695800653.739000.png
image/train/____station_fromPan_20240202____station____mask__label__start__1__10__1____1698655387.490000.jpg   label/train/____station_fromPan_20240202____station____mask__label__start__1__10__1____1698655387.490000.png
image/train/____dangjian_lixiang_child20240208____child____mask__label__start__1__10__1____1706686608.309000.jpg   label/train/____dangjian_lixiang_child20240208____child____mask__label__start__1__10__1____1706686608.309000.png
image/train/____from_grassDataSets_20231207____data____mask__label__start__1__10__1____1695800132.948000.jpg   label/train/____from_grassDataSets_20231207____data____mask__label__start__1__10__1____1695800132.948000.png
image/train/____from_grassDataSets_20231207____data____mask__label__start__1__10__1____1697037392.784000.jpg   label/train/____from_grassDataSets_20231207____data____mask__label__start__1__10__1____1697037392.784000.png
image/train/____from_grassDataSets_20231207____data____mask__label__start__1__10__1____1694846702.097000.jpg   label/train/____from_grassDataSets_20231207____data____mask__label__start__1__10__1____1694846702.097000.png
image/train/____all_classes_20231206____rencai_dangjian_park____flower____mask__label__start__1__10__1____1698654991.018000.jpg   label/train/____all_classes_20231206____rencai_dangjian_park____flower____mask__label__start__1__10__1____1698654991.018000.png
image/train/____from_grassDataSets_20231207____data____mask__label__start__1__10__1____1694741118.098000.jpg   label/train/____from_grassDataSets_20231207____data____mask__label__start__1__10__1____1694741118.098000.png
image/train/____from_grassDataSets_20231207____data____mask__label__start__1__10__1____1695784441.599000.jpg   label/train/____from_grassDataSets_20231207____data____mask__label__start__1__10__1____1695784441.599000.png
image/train/____station_fromPan_20240202____station____mask__label__start__1__10__1____1698655222.093000.jpg   label/train/____station_fromPan_20240202____station____mask__label__start__1__10__1____1698655222.093000.png
image/train/____from_grassDataSets_20231207____data____mask__label__start__1__10__1____1692084428.923000.jpg   label/train/____from_grassDataSets_20231207____data____mask__label__start__1__10__1____1692084428.923000.png
image/train/____station_fromPan_20240202____station____mask__label__start__1__10__1____1702522649.11000013.jpg   label/train/____station_fromPan_20240202____station____mask__label__start__1__10__1____1702522649.11000013.png
image/train/____from_grassDataSets_20231207____data____mask__label__start__1__10__1____1695800674.058000.jpg   label/train/____from_grassDataSets_20231207____data____mask__label__start__1__10__1____1695800674.058000.png
image/train/____all_classes_20231206____rencai_dangjian_park____person____mask__label__start__1__10__1____1698469378.938000.jpg   label/train/____all_classes_20231206____rencai_dangjian_park____person____mask__label__start__1__10__1____1698469378.938000.png
image/train/____from_grassDataSets_20231207____data____mask__label__start__1__10__1____1695785578.459000.jpg   label/train/____from_grassDataSets_20231207____data____mask__label__start__1__10__1____1695785578.459000.png
image/train/____all_classes_20231206____lixiangPark_20231101____chapai____mask__label__start__1__10__1____1698829876.191000.jpg   label/train/____all_classes_20231206____lixiangPark_20231101____chapai____mask__label__start__1__10__1____1698829876.191000.png
image/train/____station_fromPan_20240202____station____mask__label__start__1__10__1____1701073105.31800008.jpg   label/train/____station_fromPan_20240202____station____mask__label__start__1__10__1____1701073105.31800008.png
image/train/____from_grassDataSets_20231207_semanticLabeled____from_grassLabel_semantic____mask__label__start__1__10__1____1693268199.209000.jpg   label/train/____from_grassDataSets_20231207_semanticLabeled____from_grassLabel_semantic____mask__label__start__1__10__1____1693268199.209000.png
image/train/____all_classes_20231206____rencai_dangjian_park____chapai____mask__label__start__1__10__1____1698653523.569000.jpg   label/train/____all_classes_20231206____rencai_dangjian_park____chapai____mask__label__start__1__10__1____1698653523.569000.png
image/train/____from_grassDataSets_20231207____data____mask__label__start__1__10__1____1697038902.285000.jpg   label/train/____from_grassDataSets_20231207____data____mask__label__start__1__10__1____1697038902.285000.png
image/train/____from_grassDataSets_20231207____data____mask__label__start__1__10__1____1692085842.899000.jpg   label/train/____from_grassDataSets_20231207____data____mask__label__start__1__10__1____1692085842.899000.png
image/train/____station_fromPan_20240202____station____mask__label__start__1__10__1____1702525909.61500001.jpg   label/train/____station_fromPan_20240202____station____mask__label__start__1__10__1____1702525909.61500001.png
