image/val/____from_grassDataSets_20231207____data____mask__label__start__1__10__1____1693387263.245000.jpg   label/val/____from_grassDataSets_20231207____data____mask__label__start__1__10__1____1693387263.245000.png
image/val/____station_fromPan_20240202____station____mask__label__start__1__10__1____1702522685.84700012.jpg   label/val/____station_fromPan_20240202____station____mask__label__start__1__10__1____1702522685.84700012.png
image/val/____dangjian_lixiang_child20240208____child____mask__label__start__1__10__1____1707187683.689000.jpg   label/val/____dangjian_lixiang_child20240208____child____mask__label__start__1__10__1____1707187683.689000.png
image/val/____lixiangPark_20240226____wire____mask__label__start__1__10__1____1708931236.310000.jpg   label/val/____lixiangPark_20240226____wire____mask__label__start__1__10__1____1708931236.310000.png
image/val/____from_grassDataSets_20231207____data____mask__label__start__1__10__1____1695796244.859000.jpg   label/val/____from_grassDataSets_20231207____data____mask__label__start__1__10__1____1695796244.859000.png
image/val/____from_grassDataSets_20231207____data____mask__label__start__1__10__1____1695803233.252000.jpg   label/val/____from_grassDataSets_20231207____data____mask__label__start__1__10__1____1695803233.252000.png
image/val/____from_grassDataSets_20231207____data____mask__label__start__1__10__1____20230715204216_2530_sumeida.jpg   label/val/____from_grassDataSets_20231207____data____mask__label__start__1__10__1____20230715204216_2530_sumeida.png
image/val/____all_classes_20231206____rencai_dangjian_park____flower____mask__label__start__1__10__1____1698654471.949000.jpg   label/val/____all_classes_20231206____rencai_dangjian_park____flower____mask__label__start__1__10__1____1698654471.949000.png
image/val/____all_classes_20231206____rencai_dangjian_park____chapai____mask__label__start__1__10__1____1698653178.937000.jpg   label/val/____all_classes_20231206____rencai_dangjian_park____chapai____mask__label__start__1__10__1____1698653178.937000.png
image/val/____dangjian_lixiang_child20240208____child____mask__label__start__1__10__1____1707187431.335000.jpg   label/val/____dangjian_lixiang_child20240208____child____mask__label__start__1__10__1____1707187431.335000.png
image/val/____from_grassDataSets_20231207____data____mask__label__start__1__10__1____1695794698.767000.jpg   label/val/____from_grassDataSets_20231207____data____mask__label__start__1__10__1____1695794698.767000.png
image/val/____from_grassDataSets_20231207____data____mask__label__start__1__10__1____1693816083.035000.jpg   label/val/____from_grassDataSets_20231207____data____mask__label__start__1__10__1____1693816083.035000.png
image/val/____dangjian_lixiang_child20240208____child____mask__label__start__1__10__1____1706687239.735000.jpg   label/val/____dangjian_lixiang_child20240208____child____mask__label__start__1__10__1____1706687239.735000.png
image/val/____from_grassDataSets_20231207____data____mask__label__start__1__10__1____1695786471.882000.jpg   label/val/____from_grassDataSets_20231207____data____mask__label__start__1__10__1____1695786471.882000.png
image/val/____lixiangPark_20240226____wire____mask__label__start__1__10__1____1708933569.629000.jpg   label/val/____lixiangPark_20240226____wire____mask__label__start__1__10__1____1708933569.629000.png
image/val/____from_grassDataSets_20231207____data____mask__label__start__1__10__1____1695798934.774000.jpg   label/val/____from_grassDataSets_20231207____data____mask__label__start__1__10__1____1695798934.774000.png
image/val/____all_classes_20231206____crawl_data____grass_dog____mask__label__start__1__10__1____crawler_1698990983.439392.jpg   label/val/____all_classes_20231206____crawl_data____grass_dog____mask__label__start__1__10__1____crawler_1698990983.439392.png
image/val/____all_classes_20231206____rencai_dangjian_park____flower____mask__label__start__1__10__1____1698464198.474000.jpg   label/val/____all_classes_20231206____rencai_dangjian_park____flower____mask__label__start__1__10__1____1698464198.474000.png
image/val/____from_grassDataSets_20231207____data____mask__label__start__1__10__1____1692084177.528000.jpg   label/val/____from_grassDataSets_20231207____data____mask__label__start__1__10__1____1692084177.528000.png
image/val/____all_classes_20231206____lixiangPark_20231101____person____mask__label__start__1__10__1____1698829563.077000.jpg   label/val/____all_classes_20231206____lixiangPark_20231101____person____mask__label__start__1__10__1____1698829563.077000.png
image/val/____all_classes_20231206____rencai_dangjian_park____child_wang____mask__label__start__1__10__1____1698216142.325000.jpg   label/val/____all_classes_20231206____rencai_dangjian_park____child_wang____mask__label__start__1__10__1____1698216142.325000.png
image/val/____from_grassDataSets_20231207____data____mask__label__start__1__10__1____1692082575.181000.jpg   label/val/____from_grassDataSets_20231207____data____mask__label__start__1__10__1____1692082575.181000.png
image/val/____from_grassDataSets_20231207____data____mask__label__start__1__10__1____1695803813.121000.jpg   label/val/____from_grassDataSets_20231207____data____mask__label__start__1__10__1____1695803813.121000.png
image/val/____from_grassDataSets_20231207____data____mask__label__start__1__10__1____1695784448.479000.jpg   label/val/____from_grassDataSets_20231207____data____mask__label__start__1__10__1____1695784448.479000.png
image/val/____from_grassDataSets_20231207____data____mask__label__start__1__10__1____1695800508.941000.jpg   label/val/____from_grassDataSets_20231207____data____mask__label__start__1__10__1____1695800508.941000.png
image/val/____all_classes_20231206____lixiangPark_20231101____person____mask__label__start__1__10__1____1698829568.118000.jpg   label/val/____all_classes_20231206____lixiangPark_20231101____person____mask__label__start__1__10__1____1698829568.118000.png
image/val/____all_classes_20231206____rencai_dangjian_park____person____mask__label__start__1__10__1____1698467807.368000.jpg   label/val/____all_classes_20231206____rencai_dangjian_park____person____mask__label__start__1__10__1____1698467807.368000.png
image/val/____all_classes_20231206____rencai_dangjian_park____cat____mask__label__start__1__10__1____1698458691.742000.jpg   label/val/____all_classes_20231206____rencai_dangjian_park____cat____mask__label__start__1__10__1____1698458691.742000.png
image/val/____from_grassDataSets_20231207____data____mask__label__start__1__10__1____1695788848.893000.jpg   label/val/____from_grassDataSets_20231207____data____mask__label__start__1__10__1____1695788848.893000.png
image/val/____from_grassDataSets_20231207____data____mask__label__start__1__10__1____1695798330.665000.jpg   label/val/____from_grassDataSets_20231207____data____mask__label__start__1__10__1____1695798330.665000.png
image/val/____from_grassDataSets_20231207____data____mask__label__start__1__10__1____20230715204449_4825_sumeida.jpg   label/val/____from_grassDataSets_20231207____data____mask__label__start__1__10__1____20230715204449_4825_sumeida.png
image/val/____from_grassDataSets_20231207____data____mask__label__start__1__10__1____1693266914.993000.jpg   label/val/____from_grassDataSets_20231207____data____mask__label__start__1__10__1____1693266914.993000.png
image/val/____from_grassDataSets_20231207____data____mask__label__start__1__10__1____1692084236.527000.jpg   label/val/____from_grassDataSets_20231207____data____mask__label__start__1__10__1____1692084236.527000.png
image/val/____all_classes_20231206____rencai_dangjian_park____person____mask__label__start__1__10__1____1698218040.523000.jpg   label/val/____all_classes_20231206____rencai_dangjian_park____person____mask__label__start__1__10__1____1698218040.523000.png
image/val/____from_grassDataSets_20231207____data____mask__label__start__1__10__1____1694509252.079000.jpg   label/val/____from_grassDataSets_20231207____data____mask__label__start__1__10__1____1694509252.079000.png
image/val/____all_classes_20231206____rencai_dangjian_park____person____mask__label__start__1__10__1____1698468400.355000.jpg   label/val/____all_classes_20231206____rencai_dangjian_park____person____mask__label__start__1__10__1____1698468400.355000.png
image/val/____from_grassDataSets_20231207____data____mask__label__start__1__10__1____1690510875.358000.jpg   label/val/____from_grassDataSets_20231207____data____mask__label__start__1__10__1____1690510875.358000.png
image/val/____from_grassDataSets_20231207____data____mask__label__start__1__10__1____1699237499.832000.jpg   label/val/____from_grassDataSets_20231207____data____mask__label__start__1__10__1____1699237499.832000.png
image/val/____from_grassDataSets_20231207____data____mask__label__start__1__10__1____1693268186.969000.jpg   label/val/____from_grassDataSets_20231207____data____mask__label__start__1__10__1____1693268186.969000.png
image/val/____from_grassDataSets_20231207____data____mask__label__start__1__10__1____1693387305.804000.jpg   label/val/____from_grassDataSets_20231207____data____mask__label__start__1__10__1____1693387305.804000.png
image/val/____all_classes_20231206____rencai_dangjian_park____chapai____mask__label__start__1__10__1____1698652462.192000.jpg   label/val/____all_classes_20231206____rencai_dangjian_park____chapai____mask__label__start__1__10__1____1698652462.192000.png
image/val/____from_grassDataSets_20231207____data____mask__label__start__1__10__1____1698803936.387000.jpg   label/val/____from_grassDataSets_20231207____data____mask__label__start__1__10__1____1698803936.387000.png
image/val/____from_grassDataSets_20231207____data____mask__label__start__1__10__1____1695786562.880000.jpg   label/val/____from_grassDataSets_20231207____data____mask__label__start__1__10__1____1695786562.880000.png
image/val/____from_grassDataSets_20231207____data____mask__label__start__1__10__1____1693984693.165000.jpg   label/val/____from_grassDataSets_20231207____data____mask__label__start__1__10__1____1693984693.165000.png
image/val/____from_grassDataSets_20231207____data____mask__label__start__1__10__1____1695796054.262000.jpg   label/val/____from_grassDataSets_20231207____data____mask__label__start__1__10__1____1695796054.262000.png
image/val/____from_grassDataSets_20231207____data____mask__label__start__1__10__1____1695798971.697000.jpg   label/val/____from_grassDataSets_20231207____data____mask__label__start__1__10__1____1695798971.697000.png
image/val/____all_classes_20231206____rencai_dangjian_park____dog____mask__label__start__1__10__1____1698456436.106000.jpg   label/val/____all_classes_20231206____rencai_dangjian_park____dog____mask__label__start__1__10__1____1698456436.106000.png
image/val/____from_grassDataSets_20231207____data____mask__label__start__1__10__1____1695802925.617000.jpg   label/val/____from_grassDataSets_20231207____data____mask__label__start__1__10__1____1695802925.617000.png
image/val/____station_fromPan_20240202____station____mask__label__start__1__10__1____1701073856.18400002.jpg   label/val/____station_fromPan_20240202____station____mask__label__start__1__10__1____1701073856.18400002.png
image/val/____all_classes_20231206____rencai_dangjian_park____person____mask__label__start__1__10__1____1698473157.391000.jpg   label/val/____all_classes_20231206____rencai_dangjian_park____person____mask__label__start__1__10__1____1698473157.391000.png
image/val/____from_grassDataSets_20231207____data____mask__label__start__1__10__1____1695786390.684000.jpg   label/val/____from_grassDataSets_20231207____data____mask__label__start__1__10__1____1695786390.684000.png
image/val/____from_grassDataSets_20231207____data____mask__label__start__1__10__1____1695803866.200000.jpg   label/val/____from_grassDataSets_20231207____data____mask__label__start__1__10__1____1695803866.200000.png
image/val/____station_fromPan_20240202____station____mask__label__start__1__10__1____1702525755.62500000.jpg   label/val/____station_fromPan_20240202____station____mask__label__start__1__10__1____1702525755.62500000.png
image/val/____from_grassDataSets_20231207____data____mask__label__start__1__10__1____1695796214.459000.jpg   label/val/____from_grassDataSets_20231207____data____mask__label__start__1__10__1____1695796214.459000.png
image/val/____from_grassDataSets_20231207____data____mask__label__start__1__10__1____1695800885.135000.jpg   label/val/____from_grassDataSets_20231207____data____mask__label__start__1__10__1____1695800885.135000.png
image/val/____all_classes_20231206____rencai_dangjian_park____flower____mask__label__start__1__10__1____1698654989.498000.jpg   label/val/____all_classes_20231206____rencai_dangjian_park____flower____mask__label__start__1__10__1____1698654989.498000.png
image/val/____dangjian_lixiang_child20240208____child____mask__label__start__1__10__1____1707187593.853000.jpg   label/val/____dangjian_lixiang_child20240208____child____mask__label__start__1__10__1____1707187593.853000.png
image/val/____from_grassDataSets_20231207____data____mask__label__start__1__10__1____1693984318.252000.jpg   label/val/____from_grassDataSets_20231207____data____mask__label__start__1__10__1____1693984318.252000.png
image/val/____from_grassDataSets_20231207____data____mask__label__start__1__10__1____1695800065.109000.jpg   label/val/____from_grassDataSets_20231207____data____mask__label__start__1__10__1____1695800065.109000.png
image/val/____from_grassDataSets_20231207____data____mask__label__start__1__10__1____1692083873.933000.jpg   label/val/____from_grassDataSets_20231207____data____mask__label__start__1__10__1____1692083873.933000.png
image/val/____from_grassDataSets_20231207____data____mask__label__start__1__10__1____1695786603.600000.jpg   label/val/____from_grassDataSets_20231207____data____mask__label__start__1__10__1____1695786603.600000.png
image/val/____from_grassDataSets_20231207____data____mask__label__start__1__10__1____1693267022.471000.jpg   label/val/____from_grassDataSets_20231207____data____mask__label__start__1__10__1____1693267022.471000.png
image/val/____from_grassDataSets_20231207____data____mask__label__start__1__10__1____20230715205837_3730_sumeida.jpg   label/val/____from_grassDataSets_20231207____data____mask__label__start__1__10__1____20230715205837_3730_sumeida.png
image/val/____from_grassDataSets_20231207____data____mask__label__start__1__10__1____1695787708.780000.jpg   label/val/____from_grassDataSets_20231207____data____mask__label__start__1__10__1____1695787708.780000.png
image/val/____from_grassDataSets_20231207____data____mask__label__start__1__10__1____1690510867.880000.jpg   label/val/____from_grassDataSets_20231207____data____mask__label__start__1__10__1____1690510867.880000.png
image/val/____from_grassDataSets_20231207____data____mask__label__start__1__10__1____1695800111.749000.jpg   label/val/____from_grassDataSets_20231207____data____mask__label__start__1__10__1____1695800111.749000.png
image/val/____from_grassDataSets_20231207____data____mask__label__start__1__10__1____1695786402.123000.jpg   label/val/____from_grassDataSets_20231207____data____mask__label__start__1__10__1____1695786402.123000.png
image/val/____from_grassDataSets_20231207____data____mask__label__start__1__10__1____1694853245.823000.jpg   label/val/____from_grassDataSets_20231207____data____mask__label__start__1__10__1____1694853245.823000.png
image/val/____from_grassDataSets_20231207____data____mask__label__start__1__10__1____1695784504.322000.jpg   label/val/____from_grassDataSets_20231207____data____mask__label__start__1__10__1____1695784504.322000.png
image/val/____Oxford-IIIT_Pets_ruichiLabel____Oxford-IIIT_Pets_ruichiLabel_b234_ba____mask__label__start__1__10__1____basset_hound_171.jpg   label/val/____Oxford-IIIT_Pets_ruichiLabel____Oxford-IIIT_Pets_ruichiLabel_b234_ba____mask__label__start__1__10__1____basset_hound_171.png
image/val/____Oxford-IIIT_Pets_ruichiLabel____Oxford-IIIT_Pets_ruichiLabel_b234_ba____mask__label__start__1__10__1____miniature_pinscher_68.jpg   label/val/____Oxford-IIIT_Pets_ruichiLabel____Oxford-IIIT_Pets_ruichiLabel_b234_ba____mask__label__start__1__10__1____miniature_pinscher_68.png
image/val/____from_grassDataSets_20231207____data____mask__label__start__1__10__1____1693267902.455000.jpg   label/val/____from_grassDataSets_20231207____data____mask__label__start__1__10__1____1693267902.455000.png
image/val/____all_classes_20231206____rencai_dangjian_park____dog____mask__label__start__1__10__1____1698458869.419000.jpg   label/val/____all_classes_20231206____rencai_dangjian_park____dog____mask__label__start__1__10__1____1698458869.419000.png
image/val/____from_grassDataSets_20231207____data____mask__label__start__1__10__1____1695787730.539000.jpg   label/val/____from_grassDataSets_20231207____data____mask__label__start__1__10__1____1695787730.539000.png
image/val/____from_grassDataSets_20231207____data____mask__label__start__1__10__1____1695795298.237000.jpg   label/val/____from_grassDataSets_20231207____data____mask__label__start__1__10__1____1695795298.237000.png
image/val/____from_grassDataSets_20231207____data____mask__label__start__1__10__1____1694741925.523000.jpg   label/val/____from_grassDataSets_20231207____data____mask__label__start__1__10__1____1694741925.523000.png
image/val/____from_grassDataSets_20231207____data____mask__label__start__1__10__1____1693812356.552000.jpg   label/val/____from_grassDataSets_20231207____data____mask__label__start__1__10__1____1693812356.552000.png
image/val/____all_classes_20231206____rencai_dangjian_park____person____mask__label__start__1__10__1____1698216238.358000.jpg   label/val/____all_classes_20231206____rencai_dangjian_park____person____mask__label__start__1__10__1____1698216238.358000.png
image/val/____from_grassDataSets_20231207____data____mask__label__start__1__10__1____1697035901.348000.jpg   label/val/____from_grassDataSets_20231207____data____mask__label__start__1__10__1____1697035901.348000.png
image/val/____all_classes_20231206____rencai_dangjian_park____chapai____mask__label__start__1__10__1____1698652659.347000.jpg   label/val/____all_classes_20231206____rencai_dangjian_park____chapai____mask__label__start__1__10__1____1698652659.347000.png
image/val/____from_grassDataSets_20231207____data____mask__label__start__1__10__1____1690511118.473000.jpg   label/val/____from_grassDataSets_20231207____data____mask__label__start__1__10__1____1690511118.473000.png
image/val/____from_grassDataSets_20231207____data____mask__label__start__1__10__1____1693813431.092000.jpg   label/val/____from_grassDataSets_20231207____data____mask__label__start__1__10__1____1693813431.092000.png
image/val/____from_grassDataSets_20231207____data____mask__label__start__1__10__1____1695798950.094000.jpg   label/val/____from_grassDataSets_20231207____data____mask__label__start__1__10__1____1695798950.094000.png
image/val/____from_grassDataSets_20231207____data____mask__label__start__1__10__1____20230715205707_2390_sumeida.jpg   label/val/____from_grassDataSets_20231207____data____mask__label__start__1__10__1____20230715205707_2390_sumeida.png
image/val/____all_classes_20231206____rencai_dangjian_park____person____mask__label__start__1__10__1____1698469598.134000.jpg   label/val/____all_classes_20231206____rencai_dangjian_park____person____mask__label__start__1__10__1____1698469598.134000.png
image/val/____lixiangPark_20240226____wire____mask__label__start__1__10__1____1708933528.029000.jpg   label/val/____lixiangPark_20240226____wire____mask__label__start__1__10__1____1708933528.029000.png
image/val/____lixiangPark_20240226____wire____mask__label__start__1__10__1____1708931851.738000.jpg   label/val/____lixiangPark_20240226____wire____mask__label__start__1__10__1____1708931851.738000.png
image/val/____dangjian_lixiang_child20240208____child____mask__label__start__1__10__1____1707187571.771000.jpg   label/val/____dangjian_lixiang_child20240208____child____mask__label__start__1__10__1____1707187571.771000.png
image/val/____from_grassDataSets_20231207____data____mask__label__start__1__10__1____1695785779.891000.jpg   label/val/____from_grassDataSets_20231207____data____mask__label__start__1__10__1____1695785779.891000.png
image/val/____all_classes_20231206____rencai_dangjian_park____flower____mask__label__start__1__10__1____1698653999.279000.jpg   label/val/____all_classes_20231206____rencai_dangjian_park____flower____mask__label__start__1__10__1____1698653999.279000.png
image/val/____from_grassDataSets_20231207____data____mask__label__start__1__10__1____1694509173.360000.jpg   label/val/____from_grassDataSets_20231207____data____mask__label__start__1__10__1____1694509173.360000.png
image/val/____from_grassDataSets_20231207____data____mask__label__start__1__10__1____1694846732.376000.jpg   label/val/____from_grassDataSets_20231207____data____mask__label__start__1__10__1____1694846732.376000.png
image/val/____from_grassDataSets_20231207____data____mask__label__start__1__10__1____1692082193.068000.jpg   label/val/____from_grassDataSets_20231207____data____mask__label__start__1__10__1____1692082193.068000.png
image/val/____all_classes_20231206____rencai_dangjian_park____person____mask__label__start__1__10__1____1698216163.120000.jpg   label/val/____all_classes_20231206____rencai_dangjian_park____person____mask__label__start__1__10__1____1698216163.120000.png
image/val/____Oxford-IIIT_Pets_ruichiLabel____Oxford-IIIT_Pets_ruichiLabel_b234_ba____mask__label__start__1__10__1____american_bulldog_67.jpg   label/val/____Oxford-IIIT_Pets_ruichiLabel____Oxford-IIIT_Pets_ruichiLabel_b234_ba____mask__label__start__1__10__1____american_bulldog_67.png
image/val/____from_grassDataSets_20231207____data____mask__label__start__1__10__1____1694845844.954000.jpg   label/val/____from_grassDataSets_20231207____data____mask__label__start__1__10__1____1694845844.954000.png
image/val/____all_classes_20231206____rencai_dangjian_park____person____mask__label__start__1__10__1____1698468361.196000.jpg   label/val/____all_classes_20231206____rencai_dangjian_park____person____mask__label__start__1__10__1____1698468361.196000.png
image/val/____from_grassDataSets_20231207____data____mask__label__start__1__10__1____1693211224.497000.jpg   label/val/____from_grassDataSets_20231207____data____mask__label__start__1__10__1____1693211224.497000.png
image/val/____station_fromPan_20240202____station____mask__label__start__1__10__1____1702523358.98699999.jpg   label/val/____station_fromPan_20240202____station____mask__label__start__1__10__1____1702523358.98699999.png
image/val/____all_classes_20231206____rencai_dangjian_park____person____mask__label__start__1__10__1____1698217929.486000.jpg   label/val/____all_classes_20231206____rencai_dangjian_park____person____mask__label__start__1__10__1____1698217929.486000.png